// Jest Snapshot v1, https://goo.gl/fbAQLP

exports[`# UserRecipes should render successfully 1`] = `
ShallowWrapper {
  "length": 1,
  Symbol(enzyme.__root__): [Circular],
  Symbol(enzyme.__unrendered__): <UserRecipes
    addRecipe={[Function]}
    categories={Array []}
    getUserRecipes={[Function]}
    history={
      Object {
        "push": [Function],
      }
    }
    recipeCategories={
      [MockFunction] {
        "calls": Array [
          Array [],
        ],
      }
    }
    recipesCount={1}
    user={
      Object {
        "firstName": "Seun",
        "lastName": "Agbeye",
      }
    }
    userRecipes={
      Array [
        Object {
          "image": "This is the image",
          "name": "Amala",
        },
      ]
    }
  />,
  Symbol(enzyme.__renderer__): Object {
    "batchedUpdates": [Function],
    "getNode": [Function],
    "render": [Function],
    "simulateEvent": [Function],
    "unmount": [Function],
  },
  Symbol(enzyme.__node__): Object {
    "instance": null,
    "key": undefined,
    "nodeType": "host",
    "props": Object {
      "children": Array [
        <main
          style={
            Object {
              "marginTop": 40,
            }
          }
        >
          <div
            className="container"
          >
            <Connect(CategoryButton) />
          </div>
          <div
            className="container"
          >
            <div
              style={
                Object {
                  "marginTop": 100,
                  "textAlign": "center",
                }
              }
            >
              <Link
                className="btn auth-button"
                data-target="#addModal"
                data-toggle="modal"
                id="addRecipe"
                replace={false}
                to="#"
              >
                Add Recipe
              </Link>
              <h4
                className="container__myrecipes"
              >
                My Recipes
              </h4>
              <br />
              <br />
              <RecipeModal
                addRecipe={[Function]}
                recipeCategories={Array []}
              />
            </div>
            <div
              className="row"
            >
              <Connect(RecipeCard)
                editRecipe={undefined}
                id={undefined}
                onDelete={undefined}
                recipe={
                  Object {
                    "image": "This is the image",
                    "name": "Amala",
                  }
                }
                user={
                  Object {
                    "firstName": "Seun",
                    "lastName": "Agbeye",
                  }
                }
              />
            </div>
          </div>
        </main>,
        "",
      ],
      "id": "userRecipesBody",
    },
    "ref": null,
    "rendered": Array [
      Object {
        "instance": null,
        "key": undefined,
        "nodeType": "host",
        "props": Object {
          "children": Array [
            <div
              className="container"
            >
              <Connect(CategoryButton) />
            </div>,
            <div
              className="container"
            >
              <div
                style={
                  Object {
                    "marginTop": 100,
                    "textAlign": "center",
                  }
                }
              >
                <Link
                  className="btn auth-button"
                  data-target="#addModal"
                  data-toggle="modal"
                  id="addRecipe"
                  replace={false}
                  to="#"
                >
                  Add Recipe
                </Link>
                <h4
                  className="container__myrecipes"
                >
                  My Recipes
                </h4>
                <br />
                <br />
                <RecipeModal
                  addRecipe={[Function]}
                  recipeCategories={Array []}
                />
              </div>
              <div
                className="row"
              >
                <Connect(RecipeCard)
                  editRecipe={undefined}
                  id={undefined}
                  onDelete={undefined}
                  recipe={
                    Object {
                      "image": "This is the image",
                      "name": "Amala",
                    }
                  }
                  user={
                    Object {
                      "firstName": "Seun",
                      "lastName": "Agbeye",
                    }
                  }
                />
              </div>
            </div>,
          ],
          "style": Object {
            "marginTop": 40,
          },
        },
        "ref": null,
        "rendered": Array [
          Object {
            "instance": null,
            "key": undefined,
            "nodeType": "host",
            "props": Object {
              "children": <Connect(CategoryButton) />,
              "className": "container",
            },
            "ref": null,
            "rendered": Object {
              "instance": null,
              "key": undefined,
              "nodeType": "class",
              "props": Object {},
              "ref": null,
              "rendered": null,
              "type": [Function],
            },
            "type": "div",
          },
          Object {
            "instance": null,
            "key": undefined,
            "nodeType": "host",
            "props": Object {
              "children": Array [
                <div
                  style={
                    Object {
                      "marginTop": 100,
                      "textAlign": "center",
                    }
                  }
                >
                  <Link
                    className="btn auth-button"
                    data-target="#addModal"
                    data-toggle="modal"
                    id="addRecipe"
                    replace={false}
                    to="#"
                  >
                    Add Recipe
                  </Link>
                  <h4
                    className="container__myrecipes"
                  >
                    My Recipes
                  </h4>
                  <br />
                  <br />
                  <RecipeModal
                    addRecipe={[Function]}
                    recipeCategories={Array []}
                  />
                </div>,
                <div
                  className="row"
                >
                  <Connect(RecipeCard)
                    editRecipe={undefined}
                    id={undefined}
                    onDelete={undefined}
                    recipe={
                      Object {
                        "image": "This is the image",
                        "name": "Amala",
                      }
                    }
                    user={
                      Object {
                        "firstName": "Seun",
                        "lastName": "Agbeye",
                      }
                    }
                  />
                </div>,
              ],
              "className": "container",
            },
            "ref": null,
            "rendered": Array [
              Object {
                "instance": null,
                "key": undefined,
                "nodeType": "host",
                "props": Object {
                  "children": Array [
                    <Link
                      className="btn auth-button"
                      data-target="#addModal"
                      data-toggle="modal"
                      id="addRecipe"
                      replace={false}
                      to="#"
                    >
                      Add Recipe
                    </Link>,
                    <h4
                      className="container__myrecipes"
                    >
                      My Recipes
                    </h4>,
                    <br />,
                    <br />,
                    <RecipeModal
                      addRecipe={[Function]}
                      recipeCategories={Array []}
                    />,
                  ],
                  "style": Object {
                    "marginTop": 100,
                    "textAlign": "center",
                  },
                },
                "ref": null,
                "rendered": Array [
                  Object {
                    "instance": null,
                    "key": undefined,
                    "nodeType": "class",
                    "props": Object {
                      "children": "Add Recipe",
                      "className": "btn auth-button",
                      "data-target": "#addModal",
                      "data-toggle": "modal",
                      "id": "addRecipe",
                      "replace": false,
                      "to": "#",
                    },
                    "ref": null,
                    "rendered": "Add Recipe",
                    "type": [Function],
                  },
                  Object {
                    "instance": null,
                    "key": undefined,
                    "nodeType": "host",
                    "props": Object {
                      "children": "My Recipes",
                      "className": "container__myrecipes",
                    },
                    "ref": null,
                    "rendered": "My Recipes",
                    "type": "h4",
                  },
                  Object {
                    "instance": null,
                    "key": undefined,
                    "nodeType": "host",
                    "props": Object {},
                    "ref": null,
                    "rendered": null,
                    "type": "br",
                  },
                  Object {
                    "instance": null,
                    "key": undefined,
                    "nodeType": "host",
                    "props": Object {},
                    "ref": null,
                    "rendered": null,
                    "type": "br",
                  },
                  Object {
                    "instance": null,
                    "key": undefined,
                    "nodeType": "class",
                    "props": Object {
                      "addRecipe": [Function],
                      "recipeCategories": Array [],
                    },
                    "ref": null,
                    "rendered": null,
                    "type": [Function],
                  },
                ],
                "type": "div",
              },
              Object {
                "instance": null,
                "key": undefined,
                "nodeType": "host",
                "props": Object {
                  "children": Array [
                    <Connect(RecipeCard)
                      editRecipe={undefined}
                      id={undefined}
                      onDelete={undefined}
                      recipe={
                        Object {
                          "image": "This is the image",
                          "name": "Amala",
                        }
                      }
                      user={
                        Object {
                          "firstName": "Seun",
                          "lastName": "Agbeye",
                        }
                      }
                    />,
                  ],
                  "className": "row",
                },
                "ref": null,
                "rendered": Array [
                  Object {
                    "instance": null,
                    "key": undefined,
                    "nodeType": "class",
                    "props": Object {
                      "editRecipe": undefined,
                      "id": undefined,
                      "onDelete": undefined,
                      "recipe": Object {
                        "image": "This is the image",
                        "name": "Amala",
                      },
                      "user": Object {
                        "firstName": "Seun",
                        "lastName": "Agbeye",
                      },
                    },
                    "ref": null,
                    "rendered": null,
                    "type": [Function],
                  },
                ],
                "type": "div",
              },
            ],
            "type": "div",
          },
        ],
        "type": "main",
      },
      "",
    ],
    "type": "div",
  },
  Symbol(enzyme.__nodes__): Array [
    Object {
      "instance": null,
      "key": undefined,
      "nodeType": "host",
      "props": Object {
        "children": Array [
          <main
            style={
              Object {
                "marginTop": 40,
              }
            }
          >
            <div
              className="container"
            >
              <Connect(CategoryButton) />
            </div>
            <div
              className="container"
            >
              <div
                style={
                  Object {
                    "marginTop": 100,
                    "textAlign": "center",
                  }
                }
              >
                <Link
                  className="btn auth-button"
                  data-target="#addModal"
                  data-toggle="modal"
                  id="addRecipe"
                  replace={false}
                  to="#"
                >
                  Add Recipe
                </Link>
                <h4
                  className="container__myrecipes"
                >
                  My Recipes
                </h4>
                <br />
                <br />
                <RecipeModal
                  addRecipe={[Function]}
                  recipeCategories={Array []}
                />
              </div>
              <div
                className="row"
              >
                <Connect(RecipeCard)
                  editRecipe={undefined}
                  id={undefined}
                  onDelete={undefined}
                  recipe={
                    Object {
                      "image": "This is the image",
                      "name": "Amala",
                    }
                  }
                  user={
                    Object {
                      "firstName": "Seun",
                      "lastName": "Agbeye",
                    }
                  }
                />
              </div>
            </div>
          </main>,
          "",
        ],
        "id": "userRecipesBody",
      },
      "ref": null,
      "rendered": Array [
        Object {
          "instance": null,
          "key": undefined,
          "nodeType": "host",
          "props": Object {
            "children": Array [
              <div
                className="container"
              >
                <Connect(CategoryButton) />
              </div>,
              <div
                className="container"
              >
                <div
                  style={
                    Object {
                      "marginTop": 100,
                      "textAlign": "center",
                    }
                  }
                >
                  <Link
                    className="btn auth-button"
                    data-target="#addModal"
                    data-toggle="modal"
                    id="addRecipe"
                    replace={false}
                    to="#"
                  >
                    Add Recipe
                  </Link>
                  <h4
                    className="container__myrecipes"
                  >
                    My Recipes
                  </h4>
                  <br />
                  <br />
                  <RecipeModal
                    addRecipe={[Function]}
                    recipeCategories={Array []}
                  />
                </div>
                <div
                  className="row"
                >
                  <Connect(RecipeCard)
                    editRecipe={undefined}
                    id={undefined}
                    onDelete={undefined}
                    recipe={
                      Object {
                        "image": "This is the image",
                        "name": "Amala",
                      }
                    }
                    user={
                      Object {
                        "firstName": "Seun",
                        "lastName": "Agbeye",
                      }
                    }
                  />
                </div>
              </div>,
            ],
            "style": Object {
              "marginTop": 40,
            },
          },
          "ref": null,
          "rendered": Array [
            Object {
              "instance": null,
              "key": undefined,
              "nodeType": "host",
              "props": Object {
                "children": <Connect(CategoryButton) />,
                "className": "container",
              },
              "ref": null,
              "rendered": Object {
                "instance": null,
                "key": undefined,
                "nodeType": "class",
                "props": Object {},
                "ref": null,
                "rendered": null,
                "type": [Function],
              },
              "type": "div",
            },
            Object {
              "instance": null,
              "key": undefined,
              "nodeType": "host",
              "props": Object {
                "children": Array [
                  <div
                    style={
                      Object {
                        "marginTop": 100,
                        "textAlign": "center",
                      }
                    }
                  >
                    <Link
                      className="btn auth-button"
                      data-target="#addModal"
                      data-toggle="modal"
                      id="addRecipe"
                      replace={false}
                      to="#"
                    >
                      Add Recipe
                    </Link>
                    <h4
                      className="container__myrecipes"
                    >
                      My Recipes
                    </h4>
                    <br />
                    <br />
                    <RecipeModal
                      addRecipe={[Function]}
                      recipeCategories={Array []}
                    />
                  </div>,
                  <div
                    className="row"
                  >
                    <Connect(RecipeCard)
                      editRecipe={undefined}
                      id={undefined}
                      onDelete={undefined}
                      recipe={
                        Object {
                          "image": "This is the image",
                          "name": "Amala",
                        }
                      }
                      user={
                        Object {
                          "firstName": "Seun",
                          "lastName": "Agbeye",
                        }
                      }
                    />
                  </div>,
                ],
                "className": "container",
              },
              "ref": null,
              "rendered": Array [
                Object {
                  "instance": null,
                  "key": undefined,
                  "nodeType": "host",
                  "props": Object {
                    "children": Array [
                      <Link
                        className="btn auth-button"
                        data-target="#addModal"
                        data-toggle="modal"
                        id="addRecipe"
                        replace={false}
                        to="#"
                      >
                        Add Recipe
                      </Link>,
                      <h4
                        className="container__myrecipes"
                      >
                        My Recipes
                      </h4>,
                      <br />,
                      <br />,
                      <RecipeModal
                        addRecipe={[Function]}
                        recipeCategories={Array []}
                      />,
                    ],
                    "style": Object {
                      "marginTop": 100,
                      "textAlign": "center",
                    },
                  },
                  "ref": null,
                  "rendered": Array [
                    Object {
                      "instance": null,
                      "key": undefined,
                      "nodeType": "class",
                      "props": Object {
                        "children": "Add Recipe",
                        "className": "btn auth-button",
                        "data-target": "#addModal",
                        "data-toggle": "modal",
                        "id": "addRecipe",
                        "replace": false,
                        "to": "#",
                      },
                      "ref": null,
                      "rendered": "Add Recipe",
                      "type": [Function],
                    },
                    Object {
                      "instance": null,
                      "key": undefined,
                      "nodeType": "host",
                      "props": Object {
                        "children": "My Recipes",
                        "className": "container__myrecipes",
                      },
                      "ref": null,
                      "rendered": "My Recipes",
                      "type": "h4",
                    },
                    Object {
                      "instance": null,
                      "key": undefined,
                      "nodeType": "host",
                      "props": Object {},
                      "ref": null,
                      "rendered": null,
                      "type": "br",
                    },
                    Object {
                      "instance": null,
                      "key": undefined,
                      "nodeType": "host",
                      "props": Object {},
                      "ref": null,
                      "rendered": null,
                      "type": "br",
                    },
                    Object {
                      "instance": null,
                      "key": undefined,
                      "nodeType": "class",
                      "props": Object {
                        "addRecipe": [Function],
                        "recipeCategories": Array [],
                      },
                      "ref": null,
                      "rendered": null,
                      "type": [Function],
                    },
                  ],
                  "type": "div",
                },
                Object {
                  "instance": null,
                  "key": undefined,
                  "nodeType": "host",
                  "props": Object {
                    "children": Array [
                      <Connect(RecipeCard)
                        editRecipe={undefined}
                        id={undefined}
                        onDelete={undefined}
                        recipe={
                          Object {
                            "image": "This is the image",
                            "name": "Amala",
                          }
                        }
                        user={
                          Object {
                            "firstName": "Seun",
                            "lastName": "Agbeye",
                          }
                        }
                      />,
                    ],
                    "className": "row",
                  },
                  "ref": null,
                  "rendered": Array [
                    Object {
                      "instance": null,
                      "key": undefined,
                      "nodeType": "class",
                      "props": Object {
                        "editRecipe": undefined,
                        "id": undefined,
                        "onDelete": undefined,
                        "recipe": Object {
                          "image": "This is the image",
                          "name": "Amala",
                        },
                        "user": Object {
                          "firstName": "Seun",
                          "lastName": "Agbeye",
                        },
                      },
                      "ref": null,
                      "rendered": null,
                      "type": [Function],
                    },
                  ],
                  "type": "div",
                },
              ],
              "type": "div",
            },
          ],
          "type": "main",
        },
        "",
      ],
      "type": "div",
    },
  ],
  Symbol(enzyme.__options__): Object {
    "adapter": ReactSixteenAdapter {
      "options": Object {
        "enableComponentDidUpdateOnSetState": true,
      },
    },
  },
}
`;
